// Jest Snapshot v1, https://goo.gl/fbAQLP

exports[`renderButton 1`] = `
<button
  autoFocus={false}
  className="sp-button"
  disabled={false}
  onClick={[Function]}
  type="button"
>
  ABC
</button>
`;
